// Jest Snapshot v1, https://goo.gl/fbAQLP

exports[`Museum App should match homepage's snapshot 1`] = `
<div>
  <div
    style="background-color: rgb(0, 0, 0); display: flex; align-items: center; justify-content: center; height: 56px;"
  >
    <h1
      style="color: rgb(255, 255, 255);"
    >
      Museum
    </h1>
  </div>
  <div
    class="artworks"
  >
    <div
      style="display: flex; flex-direction: column;"
    >
      <div
        class="artworksMasonry"
      >
        <div
          class="artworksMasonryColumn"
          style="width: 20%;"
        >
          <div>
            <picture>
              <source
                media="(max-width: 401px)"
                srcset=""
              />
              <img
                alt="artwork"
                src=""
                style="width: 100%;"
              />
            </picture>
            <h4
              style="margin: 4px 0px;"
            >
              Page 1 - Artwork 1
            </h4>
            <p
              style="margin: 0px; font-size: 0.8rem; color: grey;"
            >
              Page 1 - Caption 1
            </p>
          </div>
        </div>
        <div
          class="artworksMasonryColumn"
          style="width: 20%;"
        >
          <div>
            <picture>
              <source
                media="(max-width: 401px)"
                srcset=""
              />
              <img
                alt="artwork"
                src=""
                style="width: 100%;"
              />
            </picture>
            <h4
              style="margin: 4px 0px;"
            >
              Page 1 - Artwork 2
            </h4>
            <p
              style="margin: 0px; font-size: 0.8rem; color: grey;"
            >
              Page 1 - Caption 2
            </p>
          </div>
        </div>
        <div
          class="artworksMasonryColumn"
          style="width: 20%;"
        >
          <div>
            <picture>
              <source
                media="(max-width: 401px)"
                srcset=""
              />
              <img
                alt="artwork"
                src=""
                style="width: 100%;"
              />
            </picture>
            <h4
              style="margin: 4px 0px;"
            >
              Page 1 - Artwork 3
            </h4>
            <p
              style="margin: 0px; font-size: 0.8rem; color: grey;"
            >
              Page 1 - Caption 3
            </p>
          </div>
        </div>
      </div>
      <div
        style="text-align: center;"
      >
        Loading more...
      </div>
    </div>
  </div>
</div>
`;
